Command line invocation:
    /Applications/Xcode.app/Contents/Developer/usr/bin/xcodebuild test-without-building -project /Users/nitai/REPOS/ai-keyboard/AIKeyboard.xcodeproj -scheme AIKeyboard -destination "platform=iOS Simulator,name=iPhone 17 Pro" "-only-testing:AIKeyboardUITests/StockKeyboardReferenceTests/testCaptureStockSuggestionBar"

Resolve Package Graph


Resolved source packages:
  AIKeyboardCore: /Users/nitai/REPOS/ai-keyboard/Packages/AIKeyboardCore @ local

2026-08-08 00:30:02.347917+0300 AIKeyboardUITests-Runner[92999:8566505] [Default] Running tests...
    t =      nans Interface orientation changed to Portrait
Test Suite 'Selected tests' started at 2026-08-08 00:30:03.494.
Test Suite 'AIKeyboardUITests.xctest' started at 2026-08-08 00:30:03.495.
Test Suite 'StockKeyboardReferenceTests' started at 2026-08-08 00:30:03.495.
Test Case '-[AIKeyboardUITests.StockKeyboardReferenceTests testCaptureStockSuggestionBar]' started.
    t =     0.00s Start Test at 2026-08-08 00:30:03.497
    t =     0.08s Set Up
CAPTURE-PLAN entries=90
    t =     0.09s Terminate com.apple.reminders:87563
    t =     3.12s Open com.apple.reminders
    t =     3.12s     Launch com.apple.reminders
    t =     3.22s         Setting up automation session
    t =     3.69s         Wait for com.apple.reminders to idle
    t =     8.54s Checking existence of `"Not Now" Button`
    t =     8.62s Checking existence of `"OK" Button`
    t =     8.64s Checking existence of `"Continue" Button`
    t =     8.67s Waiting 15.0s for "New Reminder" Button to exist
    t =     9.71s     Checking `Expect predicate `existsNoRetry == 1` for object "New Reminder" Button`
    t =     9.71s         Checking existence of `"New Reminder" Button`
    t =     9.76s Tap "New Reminder" Button
    t =     9.76s     Wait for com.apple.reminders to idle
    t =     9.76s     Find the "New Reminder" Button
    t =     9.79s     Check for interrupting elements affecting "New Reminder" Button
    t =     9.83s     Synthesize event
    t =    10.12s     Wait for com.apple.reminders to idle
    t =    11.74s Get all elements bound by index for: Descendants matching type Key
    t =    11.80s Find the Key (Element at index 0)
    t =    11.83s Find the Key (Element at index 1)
    t =    11.86s Find the Key (Element at index 2)
    t =    11.90s Find the Key (Element at index 3)
    t =    11.93s Find the Key (Element at index 4)
    t =    11.97s Find the Key (Element at index 5)
    t =    12.00s Find the Key (Element at index 6)
    t =    12.04s Find the Key (Element at index 7)
    t =    12.07s Find the Key (Element at index 8)
    t =    12.11s Find the Key (Element at index 9)
    t =    12.14s Find the Key (Element at index 10)
    t =    12.18s Find the Key (Element at index 11)
    t =    12.22s Find the Key (Element at index 12)
    t =    12.25s Find the Key (Element at index 13)
    t =    12.29s Find the Key (Element at index 14)
    t =    12.33s Find the Key (Element at index 15)
    t =    12.36s Find the Key (Element at index 16)
    t =    12.40s Find the Key (Element at index 17)
    t =    12.44s Find the Key (Element at index 18)
    t =    12.47s Find the Key (Element at index 19)
    t =    12.51s Find the Key (Element at index 20)
    t =    12.55s Find the Key (Element at index 21)
    t =    12.59s Find the Key (Element at index 22)
    t =    12.62s Find the Key (Element at index 23)
    t =    12.66s Find the Key (Element at index 24)
    t =    12.71s Find the Key (Element at index 25)
    t =    12.75s Find the Key (Element at index 26)
    t =    12.79s Find the Key (Element at index 27)
    t =    12.83s Find the Key (Element at index 28)
    t =    12.87s Find the Key (Element at index 29)
    t =    12.91s Find the Key (Element at index 30)
    t =    12.95s Find the Key (Element at index 31)
    t =    12.99s Find the Key (Element at index 32)
    t =    13.03s Find the Key (Element at index 33)
    t =    13.07s Find the Key (Element at index 34)
    t =    13.11s Find the Window (First Match)
    t =    13.12s Find the Window (First Match)
    t =    13.13s Checking existence of `"space" Key`
    t =    13.17s Find the "space" Key
    t =    13.22s Checking existence of `"Paste" Button`
    t =    13.26s Checking existence of `"ק" Key`
    t =    13.30s Checking existence of `"q" Key`
    t =    13.33s Checking existence of `"Q" Key`
    t =    13.37s Get all elements bound by index for: Descendants matching type Key
    t =    13.41s Find the Key (Element at index 0)
    t =    13.45s Find the Key (Element at index 1)
    t =    13.48s Find the "Q" Key
    t =    13.52s Find the "Q" Key
    t =    13.55s Find the "Q" Key
    t =    13.59s Find the "Q" Key
    t =    13.63s Find the Key (Element at index 2)
    t =    13.67s Find the "W" Key
    t =    13.70s Find the "W" Key
    t =    13.84s Find the "W" Key
    t =    13.88s Find the "W" Key
    t =    13.92s Find the Key (Element at index 3)
    t =    13.95s Find the "E" Key
    t =    13.99s Find the "E" Key
    t =    14.02s Find the "E" Key
    t =    14.06s Find the "E" Key
    t =    14.09s Find the Key (Element at index 4)
    t =    14.13s Find the "R" Key
    t =    14.16s Find the "R" Key
    t =    14.20s Find the "R" Key
    t =    14.23s Find the "R" Key
    t =    14.27s Find the Key (Element at index 5)
    t =    14.31s Find the "T" Key
    t =    14.34s Find the "T" Key
    t =    14.38s Find the "T" Key
    t =    14.41s Find the "T" Key
    t =    14.45s Find the Key (Element at index 6)
    t =    14.49s Find the "Y" Key
    t =    14.53s Find the "Y" Key
    t =    14.56s Find the "Y" Key
    t =    14.60s Find the "Y" Key
    t =    14.64s Find the Key (Element at index 7)
    t =    14.68s Find the "U" Key
    t =    14.72s Find the "U" Key
    t =    14.75s Find the "U" Key
    t =    14.79s Find the "U" Key
    t =    14.83s Find the Key (Element at index 8)
    t =    14.87s Find the "I" Key
    t =    14.91s Find the "I" Key
    t =    14.94s Find the "I" Key
    t =    14.98s Find the "I" Key
    t =    15.03s Find the Key (Element at index 9)
    t =    15.07s Find the "O" Key
    t =    15.11s Find the "O" Key
    t =    15.14s Find the "O" Key
    t =    15.18s Find the "O" Key
    t =    15.22s Find the Key (Element at index 10)
    t =    15.25s Find the "P" Key
    t =    15.29s Find the "P" Key
    t =    15.32s Find the "P" Key
    t =    15.36s Find the "P" Key
    t =    15.39s Find the Key (Element at index 11)
    t =    15.43s Find the Key (Element at index 12)
    t =    15.46s Find the Key (Element at index 13)
    t =    15.49s Find the "A" Key
    t =    15.53s Find the "A" Key
    t =    15.56s Find the "A" Key
    t =    15.60s Find the "A" Key
    t =    15.64s Find the Key (Element at index 14)
    t =    15.68s Find the "S" Key
    t =    15.72s Find the "S" Key
    t =    15.76s Find the "S" Key
    t =    15.80s Find the "S" Key
    t =    15.84s Find the Key (Element at index 15)
    t =    15.88s Find the "D" Key
    t =    15.91s Find the "D" Key
    t =    15.95s Find the "D" Key
    t =    15.99s Find the "D" Key
    t =    16.02s Find the Key (Element at index 16)
    t =    16.06s Find the "F" Key
    t =    16.10s Find the "F" Key
    t =    16.13s Find the "F" Key
    t =    16.17s Find the "F" Key
    t =    16.21s Find the Key (Element at index 17)
    t =    16.25s Find the "G" Key
    t =    16.29s Find the "G" Key
    t =    16.33s Find the "G" Key
    t =    16.37s Find the "G" Key
    t =    16.41s Find the Key (Element at index 18)
    t =    16.45s Find the "H" Key
    t =    16.48s Find the "H" Key
    t =    16.52s Find the "H" Key
    t =    16.56s Find the "H" Key
    t =    16.60s Find the Key (Element at index 19)
    t =    16.63s Find the "J" Key
    t =    16.67s Find the "J" Key
    t =    16.71s Find the "J" Key
    t =    16.75s Find the "J" Key
    t =    16.80s Find the Key (Element at index 20)
    t =    16.86s Find the "K" Key
    t =    16.90s Find the "K" Key
    t =    16.94s Find the "K" Key
    t =    16.99s Find the "K" Key
    t =    17.03s Find the Key (Element at index 21)
    t =    17.07s Find the "L" Key
    t =    17.11s Find the "L" Key
    t =    17.15s Find the "L" Key
    t =    17.19s Find the "L" Key
    t =    17.22s Find the Key (Element at index 22)
    t =    17.26s Find the Key (Element at index 23)
    t =    17.30s Find the Key (Element at index 24)
    t =    17.34s Find the "Z" Key
    t =    17.38s Find the "Z" Key
    t =    17.42s Find the "Z" Key
    t =    17.46s Find the "Z" Key
    t =    17.49s Find the Key (Element at index 25)
    t =    17.53s Find the "X" Key
    t =    17.57s Find the "X" Key
    t =    17.61s Find the "X" Key
    t =    17.65s Find the "X" Key
    t =    17.70s Find the Key (Element at index 26)
    t =    17.74s Find the "C" Key
    t =    17.78s Find the "C" Key
    t =    17.82s Find the "C" Key
    t =    17.86s Find the "C" Key
    t =    17.90s Find the Key (Element at index 27)
    t =    17.94s Find the "V" Key
    t =    17.98s Find the "V" Key
    t =    18.01s Find the "V" Key
    t =    18.05s Find the "V" Key
    t =    18.09s Find the Key (Element at index 28)
    t =    18.13s Find the "B" Key
    t =    18.17s Find the "B" Key
    t =    18.22s Find the "B" Key
    t =    18.26s Find the "B" Key
    t =    18.30s Find the Key (Element at index 29)
    t =    18.34s Find the "N" Key
    t =    18.38s Find the "N" Key
    t =    18.42s Find the "N" Key
    t =    18.47s Find the "N" Key
    t =    18.51s Find the Key (Element at index 30)
    t =    18.55s Find the "M" Key
    t =    18.59s Find the "M" Key
    t =    18.64s Find the "M" Key
    t =    18.69s Find the "M" Key
    t =    18.73s Find the Key (Element at index 31)
    t =    18.77s Find the Key (Element at index 32)
    t =    18.82s Find the "delete" Key
    t =    18.86s Find the "delete" Key
    t =    18.90s Find the "delete" Key
    t =    18.95s Find the "delete" Key
    t =    18.99s Find the Key (Element at index 33)
    t =    19.03s Find the "more" Key
    t =    19.08s Find the "more" Key
    t =    19.12s Find the "more" Key
    t =    19.16s Find the "more" Key
    t =    19.21s Find the Key (Element at index 34)
    t =    19.26s Find the "space" Key
    t =    19.30s Find the "space" Key
    t =    19.34s Find the "space" Key
    t =    19.38s Find the "space" Key
    t =    19.42s Checking existence of `"shift" Button`
    t =    19.44s Find the "shift" Button
    t =    19.45s Find the "shift" Button
    t =    19.47s Find the "shift" Button
    t =    19.48s Tap Application 'com.apple.reminders'[0.00, 0.00] -> (300.8, 617.0)
    t =    19.48s     Wait for com.apple.reminders to idle
    t =    19.49s     Find the Application 'com.apple.reminders'
    t =    19.52s     Check for interrupting elements affecting "Reminders" Application
    t =    19.55s     Synthesize event
    t =    19.56s         Find the Application 'com.apple.reminders'
    t =    19.59s         Find the Application 'com.apple.reminders'
    t =    19.62s         Find the Application 'com.apple.reminders'
    t =    19.94s     Wait for com.apple.reminders to idle
    t =    20.55s Tap Application 'com.apple.reminders'[0.00, 0.00] -> (360.0, 671.0)
    t =    20.55s     Wait for com.apple.reminders to idle
    t =    20.55s     Find the Application 'com.apple.reminders'
    t =    20.60s     Check for interrupting elements affecting "Reminders" Application
    t =    20.63s     Synthesize event
    t =    20.63s         Find the Application 'com.apple.reminders'
    t =    20.66s         Find the Application 'com.apple.reminders'
    t =    20.70s         Find the Application 'com.apple.reminders'
    t =    21.02s     Wait for com.apple.reminders to idle
    t =    21.02s Tap Application 'com.apple.reminders'[0.00, 0.00] -> (360.0, 671.0)
    t =    21.02s     Wait for com.apple.reminders to idle
    t =    21.02s     Find the Application 'com.apple.reminders'
    t =    21.05s     Check for interrupting elements affecting "Reminders" Application
    t =    21.09s     Synthesize event
    t =    21.09s         Find the Application 'com.apple.reminders'
    t =    21.12s         Find the Application 'com.apple.reminders'
    t =    21.16s         Find the Application 'com.apple.reminders'
    t =    21.47s     Wait for com.apple.reminders to idle
    t =    21.47s Tap Application 'com.apple.reminders'[0.00, 0.00] -> (202.0, 779.0)
    t =    21.47s     Wait for com.apple.reminders to idle
    t =    21.47s     Find the Application 'com.apple.reminders'
    t =    21.51s     Check for interrupting elements affecting "Reminders" Application
    t =    21.55s     Synthesize event
    t =    21.55s         Find the Application 'com.apple.reminders'
    t =    21.58s         Find the Application 'com.apple.reminders'
    t =    21.61s         Find the Application 'com.apple.reminders'
    t =    21.92s     Wait for com.apple.reminders to idle
    t =    21.92s Tap Application 'com.apple.reminders'[0.00, 0.00] -> (241.5, 725.0)
    t =    21.92s     Wait for com.apple.reminders to idle
    t =    21.92s     Find the Application 'com.apple.reminders'
    t =    21.95s     Check for interrupting elements affecting "Reminders" Application
    t =    21.99s     Synthesize event
    t =    21.99s         Find the Application 'com.apple.reminders'
    t =    22.02s         Find the Application 'com.apple.reminders'
    t =    22.05s         Find the Application 'com.apple.reminders'
    t =    22.36s     Wait for com.apple.reminders to idle
    t =    22.37s Tap Application 'com.apple.reminders'[0.00, 0.00] -> (103.3, 617.0)
    t =    22.37s     Wait for com.apple.reminders to idle
    t =    22.37s     Find the Application 'com.apple.reminders'
    t =    22.41s     Check for interrupting elements affecting "Reminders" Application
    t =    22.44s     Synthesize event
    t =    22.44s         Find the Application 'com.apple.reminders'
    t =    22.47s         Find the Application 'com.apple.reminders'
    t =    22.51s         Find the Application 'com.apple.reminders'
    t =    22.82s     Wait for com.apple.reminders to idle
    t =    22.82s Tap Application 'com.apple.reminders'[0.00, 0.00] -> (202.0, 779.0)
    t =    22.82s     Wait for com.apple.reminders to idle
    t =    22.82s     Find the Application 'com.apple.reminders'
    t =    22.86s     Check for interrupting elements affecting "Reminders" Application
    t =    22.90s     Synthesize event
    t =    22.90s         Find the Application 'com.apple.reminders'
    t =    22.94s         Find the Application 'com.apple.reminders'
    t =    22.97s         Find the Application 'com.apple.reminders'
    t =    23.28s     Wait for com.apple.reminders to idle
    t =    23.29s Tap Application 'com.apple.reminders'[0.00, 0.00] -> (182.3, 617.0)
    t =    23.29s     Wait for com.apple.reminders to idle
    t =    23.29s     Find the Application 'com.apple.reminders'
    t =    23.32s     Check for interrupting elements affecting "Reminders" Application
    t =    23.36s     Synthesize event
    t =    23.36s         Find the Application 'com.apple.reminders'
    t =    23.40s         Find the Application 'com.apple.reminders'
    t =    23.54s         Find the Application 'com.apple.reminders'
    t =    23.85s     Wait for com.apple.reminders to idle
    t =    23.85s Tap Application 'com.apple.reminders'[0.00, 0.00] -> (241.5, 671.0)
    t =    23.85s     Wait for com.apple.reminders to idle
    t =    23.86s     Find the Application 'com.apple.reminders'
    t =    23.90s     Check for interrupting elements affecting "Reminders" Application
    t =    23.93s     Synthesize event
    t =    23.94s         Find the Application 'com.apple.reminders'
    t =    23.97s         Find the Application 'com.apple.reminders'
    t =    24.00s         Find the Application 'com.apple.reminders'
    t =    24.31s     Wait for com.apple.reminders to idle
    t =    24.32s Tap Application 'com.apple.reminders'[0.00, 0.00] -> (103.3, 617.0)
    t =    24.32s     Wait for com.apple.reminders to idle
    t =    24.32s     Find the Application 'com.apple.reminders'
    t =    24.36s     Check for interrupting elements affecting "Reminders" Application
    t =    24.39s     Synthesize event
    t =    24.39s         Find the Application 'com.apple.reminders'
    t =    24.42s         Find the Application 'com.apple.reminders'
    t =    24.45s         Find the Application 'com.apple.reminders'
    t =    24.77s     Wait for com.apple.reminders to idle
    t =    24.77s Tap Application 'com.apple.reminders'[0.00, 0.00] -> (142.8, 617.0)
    t =    24.77s     Wait for com.apple.reminders to idle
    t =    24.77s     Find the Application 'com.apple.reminders'
    t =    24.81s     Check for interrupting elements affecting "Reminders" Application
    t =    24.85s     Synthesize event
    t =    24.85s         Find the Application 'com.apple.reminders'
    t =    24.88s         Find the Application 'com.apple.reminders'
    t =    24.91s         Find the Application 'com.apple.reminders'
    t =    25.22s     Wait for com.apple.reminders to idle
    t =    25.22s Tap Application 'com.apple.reminders'[0.00, 0.00] -> (103.3, 617.0)
    t =    25.23s     Wait for com.apple.reminders to idle
    t =    25.23s     Find the Application 'com.apple.reminders'
    t =    25.26s     Check for interrupting elements affecting "Reminders" Application
    t =    25.29s     Synthesize event
    t =    25.30s         Find the Application 'com.apple.reminders'
    t =    25.33s         Find the Application 'com.apple.reminders'
    t =    25.36s         Find the Application 'com.apple.reminders'
    t =    25.67s     Wait for com.apple.reminders to idle
    t =    25.68s Tap Application 'com.apple.reminders'[0.00, 0.00] -> (202.0, 779.0)
    t =    25.68s     Wait for com.apple.reminders to idle
    t =    25.68s     Find the Application 'com.apple.reminders'
    t =    25.72s     Check for interrupting elements affecting "Reminders" Application
    t =    25.76s     Synthesize event
    t =    25.76s         Find the Application 'com.apple.reminders'
    t =    25.79s         Find the Application 'com.apple.reminders'
    t =    25.82s         Find the Application 'com.apple.reminders'
    t =    26.14s     Wait for com.apple.reminders to idle
    t =    26.14s Tap Application 'com.apple.reminders'[0.00, 0.00] -> (300.8, 617.0)
    t =    26.14s     Wait for com.apple.reminders to idle
    t =    26.14s     Find the Application 'com.apple.reminders'
    t =    26.18s     Check for interrupting elements affecting "Reminders" Application
    t =    26.22s     Synthesize event
    t =    26.22s         Find the Application 'com.apple.reminders'
    t =    26.25s         Find the Application 'com.apple.reminders'
    t =    26.28s         Find the Application 'com.apple.reminders'
    t =    26.59s     Wait for com.apple.reminders to idle
    t =    26.59s Tap Application 'com.apple.reminders'[0.00, 0.00] -> (281.0, 725.0)
    t =    26.59s     Wait for com.apple.reminders to idle
    t =    26.60s     Find the Application 'com.apple.reminders'
    t =    26.63s     Check for interrupting elements affecting "Reminders" Application
    t =    26.67s     Synthesize event
    t =    26.68s         Find the Application 'com.apple.reminders'
    t =    26.72s         Find the Application 'com.apple.reminders'
    t =    26.77s         Find the Application 'com.apple.reminders'
    t =    27.08s     Wait for com.apple.reminders to idle
    t =    27.09s Tap Application 'com.apple.reminders'[0.00, 0.00] -> (202.0, 779.0)
    t =    27.09s     Wait for com.apple.reminders to idle
    t =    27.09s     Find the Application 'com.apple.reminders'
    t =    27.13s     Check for interrupting elements affecting "Reminders" Application
    t =    27.16s     Synthesize event
    t =    27.16s         Find the Application 'com.apple.reminders'
    t =    27.20s         Find the Application 'com.apple.reminders'
    t =    27.23s         Find the Application 'com.apple.reminders'
    t =    27.54s     Wait for com.apple.reminders to idle
    t =    27.54s Tap Application 'com.apple.reminders'[0.00, 0.00] -> (182.3, 617.0)
    t =    27.54s     Wait for com.apple.reminders to idle
    t =    27.55s     Find the Application 'com.apple.reminders'
    t =    27.58s     Check for interrupting elements affecting "Reminders" Application
    t =    27.62s     Synthesize event
    t =    27.62s         Find the Application 'com.apple.reminders'
    t =    27.65s         Find the Application 'com.apple.reminders'
    t =    27.69s         Find the Application 'com.apple.reminders'
    t =    28.01s     Wait for com.apple.reminders to idle
    t =    28.01s Tap Application 'com.apple.reminders'[0.00, 0.00] -> (103.3, 617.0)
    t =    28.01s     Wait for com.apple.reminders to idle
    t =    28.01s     Find the Application 'com.apple.reminders'
    t =    28.05s     Check for interrupting elements affecting "Reminders" Application
    t =    28.08s     Synthesize event
    t =    28.08s         Find the Application 'com.apple.reminders'
    t =    28.12s         Find the Application 'com.apple.reminders'
    t =    28.15s         Find the Application 'com.apple.reminders'
    t =    28.47s     Wait for com.apple.reminders to idle
    t =    28.47s Tap Application 'com.apple.reminders'[0.00, 0.00] -> (281.0, 725.0)
    t =    28.47s     Wait for com.apple.reminders to idle
    t =    28.47s     Find the Application 'com.apple.reminders'
    t =    28.50s     Check for interrupting elements affecting "Reminders" Application
    t =    28.54s     Synthesize event
    t =    28.54s         Find the Application 'com.apple.reminders'
    t =    28.57s         Find the Application 'com.apple.reminders'
    t =    28.60s         Find the Application 'com.apple.reminders'
    t =    28.92s     Wait for com.apple.reminders to idle
    t =    28.92s Tap Application 'com.apple.reminders'[0.00, 0.00] -> (202.0, 779.0)
    t =    28.92s     Wait for com.apple.reminders to idle
    t =    28.92s     Find the Application 'com.apple.reminders'
    t =    28.95s     Check for interrupting elements affecting "Reminders" Application
    t =    28.99s     Synthesize event
    t =    28.99s         Find the Application 'com.apple.reminders'
    t =    29.02s         Find the Application 'com.apple.reminders'
    t =    29.06s         Find the Application 'com.apple.reminders'
    t =    29.37s     Wait for com.apple.reminders to idle
    t =    29.38s Tap Application 'com.apple.reminders'[0.00, 0.00] -> (320.5, 725.0)
    t =    29.38s     Wait for com.apple.reminders to idle
    t =    29.38s     Find the Application 'com.apple.reminders'
    t =    29.41s     Check for interrupting elements affecting "Reminders" Application
    t =    29.45s     Synthesize event
    t =    29.45s         Find the Application 'com.apple.reminders'
    t =    29.48s         Find the Application 'com.apple.reminders'
    t =    29.51s         Find the Application 'com.apple.reminders'
    t =    29.82s     Wait for com.apple.reminders to idle
    t =    29.82s Tap Application 'com.apple.reminders'[0.00, 0.00] -> (300.8, 617.0)
    t =    29.82s     Wait for com.apple.reminders to idle
    t =    29.83s     Find the Application 'com.apple.reminders'
    t =    29.86s     Check for interrupting elements affecting "Reminders" Application
    t =    29.90s     Synthesize event
    t =    29.90s         Find the Application 'com.apple.reminders'
    t =    29.93s         Find the Application 'com.apple.reminders'
    t =    29.97s         Find the Application 'com.apple.reminders'
    t =    30.28s     Wait for com.apple.reminders to idle
    t =    30.28s Tap Application 'com.apple.reminders'[0.00, 0.00] -> (281.0, 725.0)
    t =    30.28s     Wait for com.apple.reminders to idle
    t =    30.28s     Find the Application 'com.apple.reminders'
    t =    30.32s     Check for interrupting elements affecting "Reminders" Application
    t =    30.36s     Synthesize event
    t =    30.36s         Find the Application 'com.apple.reminders'
    t =    30.39s         Find the Application 'com.apple.reminders'
    t =    30.42s         Find the Application 'com.apple.reminders'
    t =    30.74s     Wait for com.apple.reminders to idle
    t =    30.74s Tap Application 'com.apple.reminders'[0.00, 0.00] -> (261.3, 617.0)
    t =    30.74s     Wait for com.apple.reminders to idle
    t =    30.74s     Find the Application 'com.apple.reminders'
    t =    30.78s     Check for interrupting elements affecting "Reminders" Application
    t =    30.82s     Synthesize event
    t =    30.82s         Find the Application 'com.apple.reminders'
    t =    30.86s         Find the Application 'com.apple.reminders'
    t =    30.90s         Find the Application 'com.apple.reminders'
    t =    31.21s     Wait for com.apple.reminders to idle
    t =    32.51s Checking existence of `TextField (First Match)`
    t =    32.56s Find the TextField (First Match)
    t =    32.73s Checking existence of `"ק" Key`
    t =    32.79s Checking existence of `"q" Key`
    t =    32.83s Checking existence of `TextField (First Match)`
    t =    32.87s Find the TextField (First Match)
    t =    32.91s Checking existence of `"Typing Predictions" Other`
    t =    32.92s Find the "Typing Predictions" Other
    t =    32.94s Get all elements bound by index for: Descendants matching type Other
    t =    32.96s Find the Other (Element at index 0)
    t =    32.98s Find the Other (Element at index 1)
    t =    32.99s Find the Other (Element at index 2)
    t =    33.01s Find the "“minu”" Other
    t =    33.03s Find the "“minu”" Other
    t =    33.05s Find the Other (Element at index 3)
    t =    33.07s Find the "minutes" Other
    t =    33.09s Find the "minutes" Other
    t =    33.11s Find the Other (Element at index 4)
    t =    33.14s Find the "minute" Other
    t =    33.16s Find the "minute" Other
    t =    33.18s Find the "minutes" Other
    t =    33.20s Find the "“minu”" Other
    t =    33.23s Find the "minute" Other
    t =    33.25s Find the "minutes" Other
    t =    33.27s Find the "“minu”" Other
    t =    33.29s Find the "minutes" Other
    t =    33.31s Find the "minute" Other
CAPTURE-DONE en-comp-01 captured ["“minu”", "minutes", "minute"]
    t =    33.34s Tap Application 'com.apple.reminders'[0.00, 0.00] -> (373.8, 725.0)
    t =    33.34s     Wait for com.apple.reminders to idle
    t =    33.35s     Find the Application 'com.apple.reminders'
    t =    33.38s     Check for interrupting elements affecting "Reminders" Application
    t =    33.42s     Synthesize event
    t =    33.43s         Find the Application 'com.apple.reminders'
    t =    33.46s         Find the Application 'com.apple.reminders'
    t =    33.50s         Find the Application 'com.apple.reminders'
    t =    33.82s     Wait for com.apple.reminders to idle
    t =    33.82s Tap Application 'com.apple.reminders'[0.00, 0.00] -> (373.8, 725.0)
    t =    33.82s     Wait for com.apple.reminders to idle
    t =    33.82s     Find the Application 'com.apple.reminders'
    t =    33.85s     Check for interrupting elements affecting "Reminders" Application
    t =    33.90s     Synthesize event
    t =    33.90s         Find the Application 'com.apple.reminders'
    t =    33.93s         Find the Application 'com.apple.reminders'
    t =    33.97s         Find the Application 'com.apple.reminders'
    t =    34.28s     Wait for com.apple.reminders to idle
    t =    34.28s Tap Application 'com.apple.reminders'[0.00, 0.00] -> (373.8, 725.0)
    t =    34.28s     Wait for com.apple.reminders to idle
    t =    34.28s     Find the Application 'com.apple.reminders'
    t =    34.32s     Check for interrupting elements affecting "Reminders" Application
    t =    34.35s     Synthesize event
    t =    34.35s         Find the Application 'com.apple.reminders'
    t =    34.39s         Find the Application 'com.apple.reminders'
    t =    34.42s         Find the Application 'com.apple.reminders'
    t =    34.73s     Wait for com.apple.reminders to idle
    t =    34.73s Tap Application 'com.apple.reminders'[0.00, 0.00] -> (373.8, 725.0)
    t =    34.73s     Wait for com.apple.reminders to idle
    t =    34.74s     Find the Application 'com.apple.reminders'
    t =    34.78s     Check for interrupting elements affecting "Reminders" Application
    t =    34.82s     Synthesize event
    t =    34.82s         Find the Application 'com.apple.reminders'
    t =    34.85s         Find the Application 'com.apple.reminders'
    t =    34.89s         Find the Application 'com.apple.reminders'
    t =    35.20s     Wait for com.apple.reminders to idle
    t =    35.21s Tap Application 'com.apple.reminders'[0.00, 0.00] -> (373.8, 725.0)
    t =    35.21s     Wait for com.apple.reminders to idle
    t =    35.21s     Find the Application 'com.apple.reminders'
    t =    35.25s     Check for interrupting elements affecting "Reminders" Application
    t =    35.29s     Synthesize event
    t =    35.29s         Find the Application 'com.apple.reminders'
    t =    35.32s         Find the Application 'com.apple.reminders'
    t =    35.36s         Find the Application 'com.apple.reminders'
    t =    35.67s     Wait for com.apple.reminders to idle
    t =    35.68s Tap Application 'com.apple.reminders'[0.00, 0.00] -> (373.8, 725.0)
    t =    35.68s     Wait for com.apple.reminders to idle
    t =    35.68s     Find the Application 'com.apple.reminders'
    t =    35.73s     Check for interrupting elements affecting "Reminders" Application
    t =    35.80s     Synthesize event
    t =    35.80s         Find the Application 'com.apple.reminders'
    t =    35.84s         Find the Application 'com.apple.reminders'
    t =    35.89s         Find the Application 'com.apple.reminders'
    t =    36.22s     Wait for com.apple.reminders to idle
    t =    36.22s Tap Application 'com.apple.reminders'[0.00, 0.00] -> (373.8, 725.0)
    t =    36.22s     Wait for com.apple.reminders to idle
    t =    36.23s     Find the Application 'com.apple.reminders'
    t =    36.26s     Check for interrupting elements affecting "Reminders" Application
    t =    36.30s     Synthesize event
    t =    36.30s         Find the Application 'com.apple.reminders'
    t =    36.33s         Find the Application 'com.apple.reminders'
    t =    36.37s         Find the Application 'com.apple.reminders'
    t =    36.68s     Wait for com.apple.reminders to idle
    t =    36.68s Tap Application 'com.apple.reminders'[0.00, 0.00] -> (373.8, 725.0)
    t =    36.68s     Wait for com.apple.reminders to idle
    t =    36.69s     Find the Application 'com.apple.reminders'
    t =    36.73s     Check for interrupting elements affecting "Reminders" Application
    t =    36.77s     Synthesize event
    t =    36.78s         Find the Application 'com.apple.reminders'
    t =    36.81s         Find the Application 'com.apple.reminders'
    t =    36.84s         Find the Application 'com.apple.reminders'
    t =    37.16s     Wait for com.apple.reminders to idle
    t =    37.16s Tap Application 'com.apple.reminders'[0.00, 0.00] -> (373.8, 725.0)
    t =    37.16s     Wait for com.apple.reminders to idle
    t =    37.16s     Find the Application 'com.apple.reminders'
    t =    37.20s     Check for interrupting elements affecting "Reminders" Application
    t =    37.24s     Synthesize event
    t =    37.24s         Find the Application 'com.apple.reminders'
    t =    37.28s         Find the Application 'com.apple.reminders'
    t =    37.31s         Find the Application 'com.apple.reminders'
    t =    37.63s     Wait for com.apple.reminders to idle
    t =    37.63s Tap Application 'com.apple.reminders'[0.00, 0.00] -> (373.8, 725.0)
    t =    37.63s     Wait for com.apple.reminders to idle
    t =    37.63s     Find the Application 'com.apple.reminders'
    t =    37.68s     Check for interrupting elements affecting "Reminders" Application
    t =    37.72s     Synthesize event
    t =    37.72s         Find the Application 'com.apple.reminders'
    t =    37.77s         Find the Application 'com.apple.reminders'
    t =    37.81s         Find the Application 'com.apple.reminders'
    t =    38.12s     Wait for com.apple.reminders to idle
    t =    38.13s Tap Application 'com.apple.reminders'[0.00, 0.00] -> (373.8, 725.0)
    t =    38.13s     Wait for com.apple.reminders to idle
    t =    38.13s     Find the Application 'com.apple.reminders'
    t =    38.17s     Check for interrupting elements affecting "Reminders" Application
    t =    38.21s     Synthesize event
    t =    38.21s         Find the Application 'com.apple.reminders'
    t =    38.24s         Find the Application 'com.apple.reminders'
    t =    38.28s         Find the Application 'com.apple.reminders'
    t =    38.59s     Wait for com.apple.reminders to idle
    t =    38.60s Tap Application 'com.apple.reminders'[0.00, 0.00] -> (373.8, 725.0)
    t =    38.60s     Wait for com.apple.reminders to idle
    t =    38.60s     Find the Application 'com.apple.reminders'
    t =    38.64s     Check for interrupting elements affecting "Reminders" Application
    t =    38.69s     Synthesize event
    t =    38.69s         Find the Application 'com.apple.reminders'
    t =    38.73s         Find the Application 'com.apple.reminders'
    t =    38.77s         Find the Application 'com.apple.reminders'
    t =    39.09s     Wait for com.apple.reminders to idle
    t =    39.09s Tap Application 'com.apple.reminders'[0.00, 0.00] -> (373.8, 725.0)
    t =    39.09s     Wait for com.apple.reminders to idle
    t =    39.09s     Find the Application 'com.apple.reminders'
    t =    39.13s     Check for interrupting elements affecting "Reminders" Application
    t =    39.17s     Synthesize event
    t =    39.18s         Find the Application 'com.apple.reminders'
    t =    39.21s         Find the Application 'com.apple.reminders'
    t =    39.24s         Find the Application 'com.apple.reminders'
    t =    39.56s     Wait for com.apple.reminders to idle
    t =    39.56s Tap Application 'com.apple.reminders'[0.00, 0.00] -> (373.8, 725.0)
    t =    39.56s     Wait for com.apple.reminders to idle
    t =    39.56s     Find the Application 'com.apple.reminders'
    t =    39.60s     Check for interrupting elements affecting "Reminders" Application
    t =    39.65s     Synthesize event
    t =    39.65s         Find the Application 'com.apple.reminders'
    t =    39.69s         Find the Application 'com.apple.reminders'
    t =    39.78s         Find the Application 'com.apple.reminders'
    t =    40.10s     Wait for com.apple.reminders to idle
    t =    40.11s Tap Application 'com.apple.reminders'[0.00, 0.00] -> (373.8, 725.0)
    t =    40.11s     Wait for com.apple.reminders to idle
    t =    40.11s     Find the Application 'com.apple.reminders'
    t =    40.14s     Check for interrupting elements affecting "Reminders" Application
    t =    40.19s     Synthesize event
    t =    40.19s         Find the Application 'com.apple.reminders'
    t =    40.23s         Find the Application 'com.apple.reminders'
    t =    40.26s         Find the Application 'com.apple.reminders'
    t =    40.58s     Wait for com.apple.reminders to idle
    t =    40.58s Tap Application 'com.apple.reminders'[0.00, 0.00] -> (373.8, 725.0)
    t =    40.58s     Wait for com.apple.reminders to idle
    t =    40.59s     Find the Application 'com.apple.reminders'
    t =    40.62s     Check for interrupting elements affecting "Reminders" Application
    t =    40.66s     Synthesize event
    t =    40.66s         Find the Application 'com.apple.reminders'
    t =    40.69s         Find the Application 'com.apple.reminders'
    t =    40.73s         Find the Application 'com.apple.reminders'
    t =    41.04s     Wait for com.apple.reminders to idle
    t =    41.04s Tap Application 'com.apple.reminders'[0.00, 0.00] -> (373.8, 725.0)
    t =    41.04s     Wait for com.apple.reminders to idle
    t =    41.04s     Find the Application 'com.apple.reminders'
    t =    41.08s     Check for interrupting elements affecting "Reminders" Application
    t =    41.12s     Synthesize event
    t =    41.13s         Find the Application 'com.apple.reminders'
    t =    41.16s         Find the Application 'com.apple.reminders'
    t =    41.20s         Find the Application 'com.apple.reminders'
    t =    41.51s     Wait for com.apple.reminders to idle
    t =    41.52s Tap Application 'com.apple.reminders'[0.00, 0.00] -> (373.8, 725.0)
    t =    41.52s     Wait for com.apple.reminders to idle
    t =    41.52s     Find the Application 'com.apple.reminders'
    t =    41.56s     Check for interrupting elements affecting "Reminders" Application
    t =    41.60s     Synthesize event
    t =    41.60s         Find the Application 'com.apple.reminders'
    t =    41.63s         Find the Application 'com.apple.reminders'
    t =    41.67s         Find the Application 'com.apple.reminders'
    t =    41.99s     Wait for com.apple.reminders to idle
    t =    41.99s Tap Application 'com.apple.reminders'[0.00, 0.00] -> (373.8, 725.0)
    t =    41.99s     Wait for com.apple.reminders to idle
    t =    41.99s     Find the Application 'com.apple.reminders'
    t =    42.04s     Check for interrupting elements affecting "Reminders" Application
    t =    42.09s     Synthesize event
    t =    42.09s         Find the Application 'com.apple.reminders'
    t =    42.12s         Find the Application 'com.apple.reminders'
    t =    42.16s         Find the Application 'com.apple.reminders'
    t =    42.47s     Wait for com.apple.reminders to idle
    t =    42.47s Tap Application 'com.apple.reminders'[0.00, 0.00] -> (373.8, 725.0)
    t =    42.47s     Wait for com.apple.reminders to idle
    t =    42.48s     Find the Application 'com.apple.reminders'
    t =    42.51s     Check for interrupting elements affecting "Reminders" Application
    t =    42.55s     Synthesize event
    t =    42.55s         Find the Application 'com.apple.reminders'
    t =    42.58s         Find the Application 'com.apple.reminders'
    t =    42.62s         Find the Application 'com.apple.reminders'
    t =    42.94s     Wait for com.apple.reminders to idle
    t =    42.94s Tap Application 'com.apple.reminders'[0.00, 0.00] -> (373.8, 725.0)
    t =    42.94s     Wait for com.apple.reminders to idle
    t =    42.94s     Find the Application 'com.apple.reminders'
    t =    42.98s     Check for interrupting elements affecting "Reminders" Application
    t =    43.02s     Synthesize event
    t =    43.02s         Find the Application 'com.apple.reminders'
    t =    43.06s         Find the Application 'com.apple.reminders'
    t =    43.09s         Find the Application 'com.apple.reminders'
    t =    43.41s     Wait for com.apple.reminders to idle
    t =    43.41s Tap Application 'com.apple.reminders'[0.00, 0.00] -> (373.8, 725.0)
    t =    43.41s     Wait for com.apple.reminders to idle
    t =    43.41s     Find the Application 'com.apple.reminders'
    t =    43.46s     Check for interrupting elements affecting "Reminders" Application
    t =    43.51s     Synthesize event
    t =    43.51s         Find the Application 'com.apple.reminders'
    t =    43.54s         Find the Application 'com.apple.reminders'
    t =    43.58s         Find the Application 'com.apple.reminders'
    t =    43.90s     Wait for com.apple.reminders to idle
    t =    43.91s Tap Application 'com.apple.reminders'[0.00, 0.00] -> (373.8, 725.0)
    t =    43.91s     Wait for com.apple.reminders to idle
    t =    43.92s     Find the Application 'com.apple.reminders'
    t =    43.95s     Check for interrupting elements affecting "Reminders" Application
    t =    43.99s     Synthesize event
    t =    43.99s         Find the Application 'com.apple.reminders'
    t =    44.03s         Find the Application 'com.apple.reminders'
    t =    44.06s         Find the Application 'com.apple.reminders'
    t =    44.38s     Wait for com.apple.reminders to idle
    t =    44.38s Tap Application 'com.apple.reminders'[0.00, 0.00] -> (373.8, 725.0)
    t =    44.38s     Wait for com.apple.reminders to idle
    t =    44.38s     Find the Application 'com.apple.reminders'
    t =    44.42s     Check for interrupting elements affecting "Reminders" Application
    t =    44.46s     Synthesize event
    t =    44.47s         Find the Application 'com.apple.reminders'
    t =    44.50s         Find the Application 'com.apple.reminders'
    t =    44.53s         Find the Application 'com.apple.reminders'
    t =    44.85s     Wait for com.apple.reminders to idle
    t =    44.86s Tap Application 'com.apple.reminders'[0.00, 0.00] -> (373.8, 725.0)
    t =    44.86s     Wait for com.apple.reminders to idle
    t =    44.86s     Find the Application 'com.apple.reminders'
    t =    44.91s     Check for interrupting elements affecting "Reminders" Application
    t =    44.95s     Synthesize event
    t =    44.95s         Find the Application 'com.apple.reminders'
    t =    44.99s         Find the Application 'com.apple.reminders'
    t =    45.03s         Find the Application 'com.apple.reminders'
    t =    45.35s     Wait for com.apple.reminders to idle
    t =    45.35s Tap Application 'com.apple.reminders'[0.00, 0.00] -> (373.8, 725.0)
    t =    45.35s     Wait for com.apple.reminders to idle
    t =    45.35s     Find the Application 'com.apple.reminders'
    t =    45.39s     Check for interrupting elements affecting "Reminders" Application
    t =    45.43s     Synthesize event
    t =    45.43s         Find the Application 'com.apple.reminders'
    t =    45.47s         Find the Application 'com.apple.reminders'
    t =    45.50s         Find the Application 'com.apple.reminders'
    t =    45.82s     Wait for com.apple.reminders to idle
    t =    45.82s Tap Application 'com.apple.reminders'[0.00, 0.00] -> (373.8, 725.0)
    t =    45.82s     Wait for com.apple.reminders to idle
    t =    45.82s     Find the Application 'com.apple.reminders'
    t =    45.87s     Check for interrupting elements affecting "Reminders" Application
    t =    45.91s     Synthesize event
    t =    45.91s         Find the Application 'com.apple.reminders'
    t =    45.95s         Find the Application 'com.apple.reminders'
    t =    45.98s         Find the Application 'com.apple.reminders'
    t =    46.30s     Wait for com.apple.reminders to idle
    t =    46.30s Tap Application 'com.apple.reminders'[0.00, 0.00] -> (373.8, 725.0)
    t =    46.30s     Wait for com.apple.reminders to idle
    t =    46.30s     Find the Application 'com.apple.reminders'
    t =    46.34s     Check for interrupting elements affecting "Reminders" Application
    t =    46.38s     Synthesize event
    t =    46.39s         Find the Application 'com.apple.reminders'
    t =    46.42s         Find the Application 'com.apple.reminders'
    t =    46.45s         Find the Application 'com.apple.reminders'
    t =    46.77s     Wait for com.apple.reminders to idle
    t =    46.77s Tap Application 'com.apple.reminders'[0.00, 0.00] -> (373.8, 725.0)
    t =    46.77s     Wait for com.apple.reminders to idle
    t =    46.77s     Find the Application 'com.apple.reminders'
    t =    46.92s     Check for interrupting elements affecting "Reminders" Application
    t =    46.96s     Synthesize event
    t =    46.96s         Find the Application 'com.apple.reminders'
    t =    46.99s         Find the Application 'com.apple.reminders'
    t =    47.03s         Find the Application 'com.apple.reminders'
    t =    47.34s     Wait for com.apple.reminders to idle
    t =    47.35s Checking existence of `"space" Key`
    t =    47.40s Find the "space" Key
    t =    47.45s Checking existence of `"Paste" Button`
    t =    47.50s Checking existence of `"ק" Key`
    t =    47.54s Checking existence of `"q" Key`
    t =    47.59s Checking existence of `"Q" Key`
    t =    47.63s Get all elements bound by index for: Descendants matching type Key
    t =    47.68s Find the Key (Element at index 0)
    t =    47.72s Find the Key (Element at index 1)
    t =    47.77s Find the Key (Element at index 2)
    t =    47.82s Find the Key (Element at index 3)
    t =    47.85s Find the Key (Element at index 4)
    t =    47.89s Find the Key (Element at index 5)
    t =    47.93s Find the Key (Element at index 6)
    t =    47.98s Find the "Q" Key
    t =    48.01s Find the "Q" Key
    t =    48.06s Find the "Q" Key
    t =    48.10s Find the "Q" Key
    t =    48.14s Find the Key (Element at index 7)
    t =    48.19s Find the "W" Key
    t =    48.23s Find the "W" Key
    t =    48.27s Find the "W" Key
    t =    48.31s Find the "W" Key
    t =    48.35s Find the Key (Element at index 8)
    t =    48.39s Find the "E" Key
    t =    48.43s Find the "E" Key
    t =    48.47s Find the "E" Key
    t =    48.52s Find the "E" Key
    t =    48.57s Find the Key (Element at index 9)
    t =    48.63s Find the "R" Key
    t =    48.67s Find the "R" Key
    t =    48.72s Find the "R" Key
    t =    48.78s Find the "R" Key
    t =    48.84s Find the Key (Element at index 10)
    t =    48.90s Find the "T" Key
    t =    48.95s Find the "T" Key
    t =    49.02s Find the "T" Key
    t =    49.07s Find the "T" Key
    t =    49.11s Find the Key (Element at index 11)
    t =    49.15s Find the "Y" Key
    t =    49.19s Find the "Y" Key
    t =    49.23s Find the "Y" Key
    t =    49.27s Find the "Y" Key
    t =    49.31s Find the Key (Element at index 12)
    t =    49.36s Find the "U" Key
    t =    49.40s Find the "U" Key
    t =    49.44s Find the "U" Key
    t =    49.48s Find the "U" Key
    t =    49.52s Find the Key (Element at index 13)
    t =    49.57s Find the "I" Key
    t =    49.61s Find the "I" Key
    t =    49.65s Find the "I" Key
    t =    49.69s Find the "I" Key
    t =    49.73s Find the Key (Element at index 14)
    t =    49.78s Find the "O" Key
    t =    49.84s Find the "O" Key
    t =    49.88s Find the "O" Key
    t =    49.94s Find the "O" Key
    t =    49.99s Find the Key (Element at index 15)
    t =    50.04s Find the "P" Key
    t =    50.08s Find the "P" Key
    t =    50.13s Find the "P" Key
    t =    50.17s Find the "P" Key
    t =    50.22s Find the Key (Element at index 16)
    t =    50.27s Find the "A" Key
    t =    50.31s Find the "A" Key
    t =    50.35s Find the "A" Key
    t =    50.39s Find the "A" Key
    t =    50.43s Find the Key (Element at index 17)
    t =    50.48s Find the "S" Key
    t =    50.52s Find the "S" Key
    t =    50.56s Find the "S" Key
    t =    50.71s Find the "S" Key
    t =    50.77s Find the Key (Element at index 18)
    t =    50.82s Find the "D" Key
    t =    50.86s Find the "D" Key
    t =    50.90s Find the "D" Key
    t =    50.95s Find the "D" Key
    t =    50.99s Find the Key (Element at index 19)
    t =    51.04s Find the "F" Key
    t =    51.08s Find the "F" Key
    t =    51.12s Find the "F" Key
    t =    51.17s Find the "F" Key
    t =    51.22s Find the Key (Element at index 20)
    t =    51.27s Find the "G" Key
    t =    51.32s Find the "G" Key
    t =    51.37s Find the "G" Key
    t =    51.42s Find the "G" Key
    t =    51.46s Find the Key (Element at index 21)
    t =    51.51s Find the "H" Key
    t =    51.55s Find the "H" Key
    t =    51.59s Find the "H" Key
    t =    51.64s Find the "H" Key
    t =    51.68s Find the Key (Element at index 22)
    t =    51.72s Find the "J" Key
    t =    51.77s Find the "J" Key
    t =    51.82s Find the "J" Key
    t =    51.87s Find the "J" Key
    t =    51.92s Find the Key (Element at index 23)
    t =    51.96s Find the "K" Key
    t =    52.00s Find the "K" Key
    t =    52.04s Find the "K" Key
    t =    52.09s Find the "K" Key
    t =    52.13s Find the Key (Element at index 24)
    t =    52.19s Find the "L" Key
    t =    52.30s Find the "L" Key
    t =    52.37s Find the "L" Key
    t =    52.43s Find the "L" Key
    t =    52.48s Find the Key (Element at index 25)
    t =    52.52s Find the "Z" Key
    t =    52.57s Find the "Z" Key
    t =    52.62s Find the "Z" Key
    t =    52.66s Find the "Z" Key
    t =    52.72s Find the Key (Element at index 26)
    t =    52.76s Find the "X" Key
    t =    52.81s Find the "X" Key
    t =    52.87s Find the "X" Key
    t =    52.91s Find the "X" Key
    t =    52.96s Find the Key (Element at index 27)
    t =    53.00s Find the "C" Key
    t =    53.04s Find the "C" Key
    t =    53.09s Find the "C" Key
    t =    53.13s Find the "C" Key
    t =    53.18s Find the Key (Element at index 28)
    t =    53.22s Find the "V" Key
    t =    53.27s Find the "V" Key
    t =    53.31s Find the "V" Key
    t =    53.36s Find the "V" Key
    t =    53.40s Find the Key (Element at index 29)
    t =    53.44s Find the "B" Key
    t =    53.48s Find the "B" Key
    t =    53.52s Find the "B" Key
    t =    53.57s Find the "B" Key
    t =    53.61s Find the Key (Element at index 30)
    t =    53.66s Find the "N" Key
    t =    53.71s Find the "N" Key
    t =    53.75s Find the "N" Key
    t =    53.80s Find the "N" Key
    t =    53.86s Find the Key (Element at index 31)
    t =    53.91s Find the "M" Key
    t =    53.96s Find the "M" Key
    t =    54.00s Find the "M" Key
    t =    54.04s Find the "M" Key
    t =    54.09s Find the Key (Element at index 32)
    t =    54.13s Find the "delete" Key
    t =    54.18s Find the "delete" Key
    t =    54.22s Find the "delete" Key
    t =    54.27s Find the "delete" Key
    t =    54.32s Find the Key (Element at index 33)
    t =    54.36s Find the "more" Key
    t =    54.41s Find the "more" Key
    t =    54.45s Find the "more" Key
    t =    54.50s Find the "more" Key
    t =    54.54s Find the Key (Element at index 34)
    t =    54.59s Find the "space" Key
    t =    54.63s Find the "space" Key
    t =    54.68s Find the "space" Key
    t =    54.73s Find the "space" Key
    t =    54.78s Checking existence of `"shift" Button`
    t =    54.80s Find the "shift" Button
    t =    54.82s Find the "shift" Button
    t =    54.83s Find the "shift" Button
    t =    54.85s Tap Application 'com.apple.reminders'[0.00, 0.00] -> (162.5, 725.0)
    t =    54.85s     Wait for com.apple.reminders to idle
    t =    54.86s     Find the Application 'com.apple.reminders'
    t =    54.89s     Check for interrupting elements affecting "Reminders" Application
    t =    54.94s     Synthesize event
    t =    54.94s         Find the Application 'com.apple.reminders'
    t =    54.97s         Find the Application 'com.apple.reminders'
    t =    55.01s         Find the Application 'com.apple.reminders'
    t =    55.32s     Wait for com.apple.reminders to idle
    t =    55.33s Tap Application 'com.apple.reminders'[0.00, 0.00] -> (44.0, 671.0)
    t =    55.33s     Wait for com.apple.reminders to idle
    t =    55.33s     Find the Application 'com.apple.reminders'
    t =    55.37s     Check for interrupting elements affecting "Reminders" Application
    t =    55.41s     Synthesize event
    t =    55.41s         Find the Application 'com.apple.reminders'
    t =    55.45s         Find the Application 'com.apple.reminders'
    t =    55.49s         Find the Application 'com.apple.reminders'
    t =    55.81s     Wait for com.apple.reminders to idle
    t =    55.81s Tap Application 'com.apple.reminders'[0.00, 0.00] -> (281.0, 725.0)
    t =    55.81s     Wait for com.apple.reminders to idle
    t =    55.81s     Find the Application 'com.apple.reminders'
    t =    55.85s     Check for interrupting elements affecting "Reminders" Application
    t =    55.89s     Synthesize event
    t =    55.89s         Find the Application 'com.apple.reminders'
    t =    55.93s         Find the Application 'com.apple.reminders'
    t =    55.96s         Find the Application 'com.apple.reminders'
    t =    56.28s     Wait for com.apple.reminders to idle
    t =    56.28s Tap Application 'com.apple.reminders'[0.00, 0.00] -> (202.0, 779.0)
    t =    56.28s     Wait for com.apple.reminders to idle
    t =    56.28s     Find the Application 'com.apple.reminders'
    t =    56.32s     Check for interrupting elements affecting "Reminders" Application
    t =    56.36s     Synthesize event
    t =    56.36s         Find the Application 'com.apple.reminders'
    t =    56.40s         Find the Application 'com.apple.reminders'
    t =    56.43s         Find the Application 'com.apple.reminders'
    t =    56.75s     Wait for com.apple.reminders to idle
    t =    56.76s Tap Application 'com.apple.reminders'[0.00, 0.00] -> (221.8, 617.0)
    t =    56.76s     Wait for com.apple.reminders to idle
    t =    56.76s     Find the Application 'com.apple.reminders'
    t =    56.80s     Check for interrupting elements affecting "Reminders" Application
    t =    56.85s     Synthesize event
    t =    56.85s         Find the Application 'com.apple.reminders'
    t =    56.89s         Find the Application 'com.apple.reminders'
    t =    56.92s         Find the Application 'com.apple.reminders'
    t =    57.25s     Wait for com.apple.reminders to idle
    t =    57.25s Tap Application 'com.apple.reminders'[0.00, 0.00] -> (340.3, 617.0)
    t =    57.25s     Wait for com.apple.reminders to idle
    t =    57.25s     Find the Application 'com.apple.reminders'
    t =    57.30s     Check for interrupting elements affecting "Reminders" Application
    t =    57.36s     Synthesize event
    t =    57.36s         Find the Application 'com.apple.reminders'
    t =    57.40s         Find the Application 'com.apple.reminders'
    t =    57.44s         Find the Application 'com.apple.reminders'
    t =    57.76s     Wait for com.apple.reminders to idle
    t =    57.76s Tap Application 'com.apple.reminders'[0.00, 0.00] -> (261.3, 617.0)
    t =    57.76s     Wait for com.apple.reminders to idle
    t =    57.76s     Find the Application 'com.apple.reminders'
    t =    57.80s     Check for interrupting elements affecting "Reminders" Application
    t =    57.84s     Synthesize event
    t =    57.84s         Find the Application 'com.apple.reminders'
    t =    57.88s         Find the Application 'com.apple.reminders'
    t =    58.03s         Find the Application 'com.apple.reminders'
    t =    58.34s     Wait for com.apple.reminders to idle
    t =    58.34s Tap Application 'com.apple.reminders'[0.00, 0.00] -> (202.0, 779.0)
    t =    58.34s     Wait for com.apple.reminders to idle
    t =    58.34s     Find the Application 'com.apple.reminders'
    t =    58.38s     Check for interrupting elements affecting "Reminders" Application
    t =    58.42s     Synthesize event
    t =    58.43s         Find the Application 'com.apple.reminders'
    t =    58.46s         Find the Application 'com.apple.reminders'
    t =    58.49s         Find the Application 'com.apple.reminders'
    t =    58.81s     Wait for com.apple.reminders to idle
    t =    58.81s Tap Application 'com.apple.reminders'[0.00, 0.00] -> (83.5, 671.0)
    t =    58.81s     Wait for com.apple.reminders to idle
    t =    58.81s     Find the Application 'com.apple.reminders'
    t =    58.85s     Check for interrupting elements affecting "Reminders" Application
    t =    58.89s     Synthesize event
    t =    58.89s         Find the Application 'com.apple.reminders'
    t =    58.93s         Find the Application 'com.apple.reminders'
    t =    58.97s         Find the Application 'com.apple.reminders'
    t =    59.29s     Wait for com.apple.reminders to idle
    t =    59.29s Tap Application 'com.apple.reminders'[0.00, 0.00] -> (103.3, 617.0)
    t =    59.29s     Wait for com.apple.reminders to idle
    t =    59.29s     Find the Application 'com.apple.reminders'
    t =    59.33s     Check for interrupting elements affecting "Reminders" Application
    t =    59.37s     Synthesize event
    t =    59.37s         Find the Application 'com.apple.reminders'
    t =    59.41s         Find the Application 'com.apple.reminders'
    t =    59.44s         Find the Application 'com.apple.reminders'
    t =    59.76s     Wait for com.apple.reminders to idle
    t =    59.76s Tap Application 'com.apple.reminders'[0.00, 0.00] -> (281.0, 725.0)
    t =    59.76s     Wait for com.apple.reminders to idle
    t =    59.76s     Find the Application 'com.apple.reminders'
    t =    59.80s     Check for interrupting elements affecting "Reminders" Application
    t =    59.84s     Synthesize event
    t =    59.85s         Find the Application 'com.apple.reminders'
    t =    59.88s         Find the Application 'com.apple.reminders'
    t =    59.92s         Find the Application 'com.apple.reminders'
    t =    60.23s     Wait for com.apple.reminders to idle
    t =    60.24s Tap Application 'com.apple.reminders'[0.00, 0.00] -> (123.0, 671.0)
    t =    60.24s     Wait for com.apple.reminders to idle
    t =    60.24s     Find the Application 'com.apple.reminders'
    t =    60.27s     Check for interrupting elements affecting "Reminders" Application
    t =    60.31s     Synthesize event
    t =    60.32s         Find the Application 'com.apple.reminders'
    t =    60.35s         Find the Application 'com.apple.reminders'
    t =    60.38s         Find the Application 'com.apple.reminders'
    t =    60.70s     Wait for com.apple.reminders to idle
    t =    60.70s Tap Application 'com.apple.reminders'[0.00, 0.00] -> (202.0, 779.0)
    t =    60.70s     Wait for com.apple.reminders to idle
    t =    60.70s     Find the Application 'com.apple.reminders'
    t =    60.74s     Check for interrupting elements affecting "Reminders" Application
    t =    60.78s     Synthesize event
    t =    60.78s         Find the Application 'com.apple.reminders'
    t =    60.82s         Find the Application 'com.apple.reminders'
    t =    60.86s         Find the Application 'com.apple.reminders'
    t =    61.17s     Wait for com.apple.reminders to idle
    t =    61.18s Tap Application 'com.apple.reminders'[0.00, 0.00] -> (320.5, 725.0)
    t =    61.18s     Wait for com.apple.reminders to idle
    t =    61.18s     Find the Application 'com.apple.reminders'
    t =    61.21s     Check for interrupting elements affecting "Reminders" Application
    t =    61.25s     Synthesize event
    t =    61.26s         Find the Application 'com.apple.reminders'
    t =    61.29s         Find the Application 'com.apple.reminders'
    t =    61.32s         Find the Application 'com.apple.reminders'
    t =    61.64s     Wait for com.apple.reminders to idle
    t =    61.64s Tap Application 'com.apple.reminders'[0.00, 0.00] -> (103.3, 617.0)
    t =    61.64s     Wait for com.apple.reminders to idle
    t =    61.65s     Find the Application 'com.apple.reminders'
    t =    61.69s     Check for interrupting elements affecting "Reminders" Application
    t =    61.75s     Synthesize event
    t =    61.75s         Find the Application 'com.apple.reminders'
    t =    61.80s         Find the Application 'com.apple.reminders'
    t =    61.84s         Find the Application 'com.apple.reminders'
    t =    62.17s     Wait for com.apple.reminders to idle
    t =    62.17s Tap Application 'com.apple.reminders'[0.00, 0.00] -> (202.0, 779.0)
    t =    62.17s     Wait for com.apple.reminders to idle
    t =    62.17s     Find the Application 'com.apple.reminders'
    t =    62.21s     Check for interrupting elements affecting "Reminders" Application
    t =    62.26s     Synthesize event
    t =    62.26s         Find the Application 'com.apple.reminders'
    t =    62.30s         Find the Application 'com.apple.reminders'
    t =    62.33s         Find the Application 'com.apple.reminders'
    t =    62.66s     Wait for com.apple.reminders to idle
    t =    62.66s Tap Application 'com.apple.reminders'[0.00, 0.00] -> (182.3, 617.0)
    t =    62.66s     Wait for com.apple.reminders to idle
    t =    62.66s     Find the Application 'com.apple.reminders'
    t =    62.70s     Check for interrupting elements affecting "Reminders" Application
    t =    62.74s     Synthesize event
    t =    62.74s         Find the Application 'com.apple.reminders'
    t =    62.78s         Find the Application 'com.apple.reminders'
    t =    62.81s         Find the Application 'com.apple.reminders'
    t =    63.14s     Wait for com.apple.reminders to idle
    t =    63.14s Tap Application 'com.apple.reminders'[0.00, 0.00] -> (241.5, 671.0)
    t =    63.14s     Wait for com.apple.reminders to idle
    t =    63.14s     Find the Application 'com.apple.reminders'
    t =    63.17s     Check for interrupting elements affecting "Reminders" Application
    t =    63.22s     Synthesize event
    t =    63.22s         Find the Application 'com.apple.reminders'
    t =    63.25s         Find the Application 'com.apple.reminders'
    t =    63.29s         Find the Application 'com.apple.reminders'
    t =    63.60s     Wait for com.apple.reminders to idle
    t =    63.60s Tap Application 'com.apple.reminders'[0.00, 0.00] -> (103.3, 617.0)
    t =    63.60s     Wait for com.apple.reminders to idle
    t =    63.60s     Find the Application 'com.apple.reminders'
    t =    63.64s     Check for interrupting elements affecting "Reminders" Application
    t =    63.68s     Synthesize event
    t =    63.68s         Find the Application 'com.apple.reminders'
    t =    63.72s         Find the Application 'com.apple.reminders'
    t =    63.76s         Find the Application 'com.apple.reminders'
    t =    64.13s     Wait for com.apple.reminders to idle
    t =    64.13s Tap Application 'com.apple.reminders'[0.00, 0.00] -> (202.0, 779.0)
    t =    64.13s     Wait for com.apple.reminders to idle
    t =    64.13s     Find the Application 'com.apple.reminders'
    t =    64.17s     Check for interrupting elements affecting "Reminders" Application
    t =    64.21s     Synthesize event
    t =    64.21s         Find the Application 'com.apple.reminders'
    t =    64.24s         Find the Application 'com.apple.reminders'
    t =    64.28s         Find the Application 'com.apple.reminders'
    t =    64.60s     Wait for com.apple.reminders to idle
    t =    64.61s Tap Application 'com.apple.reminders'[0.00, 0.00] -> (300.8, 617.0)
    t =    64.61s     Wait for com.apple.reminders to idle
    t =    64.61s     Find the Application 'com.apple.reminders'
    t =    64.65s     Check for interrupting elements affecting "Reminders" Application
    t =    64.69s     Synthesize event
    t =    64.69s         Find the Application 'com.apple.reminders'
    t =    64.73s         Find the Application 'com.apple.reminders'
    t =    64.76s         Find the Application 'com.apple.reminders'
    t =    65.08s     Wait for com.apple.reminders to idle
    t =    65.09s Tap Application 'com.apple.reminders'[0.00, 0.00] -> (281.0, 725.0)
    t =    65.09s     Wait for com.apple.reminders to idle
    t =    65.09s     Find the Application 'com.apple.reminders'
    t =    65.12s     Check for interrupting elements affecting "Reminders" Application
    t =    65.17s     Synthesize event
    t =    65.17s         Find the Application 'com.apple.reminders'
    t =    65.20s         Find the Application 'com.apple.reminders'
    t =    65.34s         Find the Application 'com.apple.reminders'
    t =    65.65s     Wait for com.apple.reminders to idle
    t =    65.66s Tap Application 'com.apple.reminders'[0.00, 0.00] -> (202.0, 725.0)
    t =    65.66s     Wait for com.apple.reminders to idle
    t =    65.66s     Find the Application 'com.apple.reminders'
    t =    65.69s     Check for interrupting elements affecting "Reminders" Application
    t =    65.74s     Synthesize event
    t =    65.74s         Find the Application 'com.apple.reminders'
    t =    65.78s         Find the Application 'com.apple.reminders'
    t =    65.82s         Find the Application 'com.apple.reminders'
    t =    66.14s     Wait for com.apple.reminders to idle
    t =    66.14s Tap Application 'com.apple.reminders'[0.00, 0.00] -> (340.3, 617.0)
    t =    66.14s     Wait for com.apple.reminders to idle
    t =    66.15s     Find the Application 'com.apple.reminders'
    t =    66.18s     Check for interrupting elements affecting "Reminders" Application
    t =    66.22s     Synthesize event
    t =    66.22s         Find the Application 'com.apple.reminders'
    t =    66.26s         Find the Application 'com.apple.reminders'
    t =    66.29s         Find the Application 'com.apple.reminders'
    t =    66.60s     Wait for com.apple.reminders to idle
    t =    66.61s Tap Application 'com.apple.reminders'[0.00, 0.00] -> (300.8, 617.0)
    t =    66.61s     Wait for com.apple.reminders to idle
    t =    66.61s     Find the Application 'com.apple.reminders'
    t =    66.64s     Check for interrupting elements affecting "Reminders" Application
    t =    66.68s     Synthesize event
    t =    66.69s         Find the Application 'com.apple.reminders'
    t =    66.72s         Find the Application 'com.apple.reminders'
    t =    66.75s         Find the Application 'com.apple.reminders'
    t =    67.07s     Wait for com.apple.reminders to idle
    t =    68.38s Checking existence of `TextField (First Match)`
    t =    68.43s Find the TextField (First Match)
    t =    68.55s Checking existence of `"ק" Key`
    t =    68.59s Checking existence of `"q" Key`
    t =    68.63s Checking existence of `TextField (First Match)`
    t =    68.67s Find the TextField (First Match)
    t =    68.71s Checking existence of `"Typing Predictions" Other`
    t =    68.73s Find the "Typing Predictions" Other
    t =    68.75s Get all elements bound by index for: Descendants matching type Other
    t =    68.77s Find the Other (Element at index 0)
    t =    68.78s Find the Other (Element at index 1)
    t =    68.80s Find the Other (Element at index 2)
    t =    68.82s Find the "“invoi”" Other
    t =    68.84s Find the "“invoi”" Other
    t =    68.87s Find the Other (Element at index 3)
    t =    68.89s Find the "invoice" Other
    t =    68.91s Find the "invoice" Other
    t =    68.93s Find the Other (Element at index 4)
    t =    68.95s Find the "invoices" Other
    t =    68.97s Find the "invoices" Other
    t =    69.00s Find the "invoice" Other
    t =    69.02s Find the "“invoi”" Other
    t =    69.04s Find the "invoices" Other
    t =    69.06s Find the "invoice" Other
    t =    69.08s Find the "“invoi”" Other
    t =    69.10s Find the "invoice" Other
    t =    69.12s Find the "invoices" Other
CAPTURE-DONE en-comp-02 captured ["“invoi”", "invoice", "invoices"]
    t =    69.13s Tap Application 'com.apple.reminders'[0.00, 0.00] -> (373.8, 725.0)
    t =    69.13s     Wait for com.apple.reminders to idle
    t =    69.14s     Find the Application 'com.apple.reminders'
    t =    69.17s     Check for interrupting elements affecting "Reminders" Application
    t =    69.21s     Synthesize event
    t =    69.21s         Find the Application 'com.apple.reminders'
    t =    69.24s         Find the Application 'com.apple.reminders'
    t =    69.28s         Find the Application 'com.apple.reminders'
    t =    69.59s     Wait for com.apple.reminders to idle
    t =    69.59s Tap Application 'com.apple.reminders'[0.00, 0.00] -> (373.8, 725.0)
    t =    69.59s     Wait for com.apple.reminders to idle
    t =    69.59s     Find the Application 'com.apple.reminders'
    t =    69.63s     Check for interrupting elements affecting "Reminders" Application
    t =    69.66s     Synthesize event
    t =    69.66s         Find the Application 'com.apple.reminders'
    t =    69.70s         Find the Application 'com.apple.reminders'
    t =    69.73s         Find the Application 'com.apple.reminders'
    t =    70.05s     Wait for com.apple.reminders to idle
    t =    70.05s Tap Application 'com.apple.reminders'[0.00, 0.00] -> (373.8, 725.0)
    t =    70.05s     Wait for com.apple.reminders to idle
    t =    70.05s     Find the Application 'com.apple.reminders'
    t =    70.09s     Check for interrupting elements affecting "Reminders" Application
    t =    70.13s     Synthesize event
    t =    70.13s         Find the Application 'com.apple.reminders'
    t =    70.16s         Find the Application 'com.apple.reminders'
    t =    70.20s         Find the Application 'com.apple.reminders'
    t =    70.51s     Wait for com.apple.reminders to idle
    t =    70.52s Tap Application 'com.apple.reminders'[0.00, 0.00] -> (373.8, 725.0)
    t =    70.52s     Wait for com.apple.reminders to idle
    t =    70.52s     Find the Application 'com.apple.reminders'
    t =    70.65s     Check for interrupting elements affecting "Reminders" Application
    t =    70.69s     Synthesize event
    t =    70.69s         Find the Application 'com.apple.reminders'
    t =    70.73s         Find the Application 'com.apple.reminders'
    t =    70.77s         Find the Application 'com.apple.reminders'
    t =    71.08s     Wait for com.apple.reminders to idle
    t =    71.09s Tap Application 'com.apple.reminders'[0.00, 0.00] -> (373.8, 725.0)
    t =    71.09s     Wait for com.apple.reminders to idle
    t =    71.09s     Find the Application 'com.apple.reminders'
    t =    71.13s     Check for interrupting elements affecting "Reminders" Application
    t =    71.17s     Synthesize event
    t =    71.17s         Find the Application 'com.apple.reminders'
    t =    71.20s         Find the Application 'com.apple.reminders'
    t =    71.24s         Find the Application 'com.apple.reminders'
    t =    71.55s     Wait for com.apple.reminders to idle
    t =    71.56s Tap Application 'com.apple.reminders'[0.00, 0.00] -> (373.8, 725.0)
    t =    71.56s     Wait for com.apple.reminders to idle
    t =    71.56s     Find the Application 'com.apple.reminders'
    t =    71.60s     Check for interrupting elements affecting "Reminders" Application
    t =    71.64s     Synthesize event
    t =    71.64s         Find the Application 'com.apple.reminders'
    t =    71.67s         Find the Application 'com.apple.reminders'
    t =    71.79s         Find the Application 'com.apple.reminders'
    t =    72.13s     Wait for com.apple.reminders to idle
    t =    72.13s Tap Application 'com.apple.reminders'[0.00, 0.00] -> (373.8, 725.0)
    t =    72.13s     Wait for com.apple.reminders to idle
    t =    72.13s     Find the Application 'com.apple.reminders'
    t =    72.16s     Check for interrupting elements affecting "Reminders" Application
    t =    72.20s     Synthesize event
    t =    72.20s         Find the Application 'com.apple.reminders'
    t =    72.24s         Find the Application 'com.apple.reminders'
    t =    72.27s         Find the Application 'com.apple.reminders'
    t =    72.58s     Wait for com.apple.reminders to idle
    t =    72.58s Tap Application 'com.apple.reminders'[0.00, 0.00] -> (373.8, 725.0)
    t =    72.58s     Wait for com.apple.reminders to idle
    t =    72.59s     Find the Application 'com.apple.reminders'
    t =    72.62s     Check for interrupting elements affecting "Reminders" Application
    t =    72.67s     Synthesize event
    t =    72.67s         Find the Application 'com.apple.reminders'
    t =    72.70s         Find the Application 'com.apple.reminders'
    t =    72.74s         Find the Application 'com.apple.reminders'
    t =    73.05s     Wait for com.apple.reminders to idle
    t =    73.06s Tap Application 'com.apple.reminders'[0.00, 0.00] -> (373.8, 725.0)
    t =    73.06s     Wait for com.apple.reminders to idle
    t =    73.06s     Find the Application 'com.apple.reminders'
    t =    73.10s     Check for interrupting elements affecting "Reminders" Application
    t =    73.14s     Synthesize event
    t =    73.14s         Find the Application 'com.apple.reminders'
    t =    73.17s         Find the Application 'com.apple.reminders'
    t =    73.20s         Find the Application 'com.apple.reminders'
    t =    73.52s     Wait for com.apple.reminders to idle
    t =    73.52s Tap Application 'com.apple.reminders'[0.00, 0.00] -> (373.8, 725.0)
    t =    73.52s     Wait for com.apple.reminders to idle
    t =    73.52s     Find the Application 'com.apple.reminders'
    t =    73.67s     Check for interrupting elements affecting "Reminders" Application
    t =    73.71s     Synthesize event
    t =    73.71s         Find the Application 'com.apple.reminders'
    t =    73.75s         Find the Application 'com.apple.reminders'
    t =    73.79s         Find the Application 'com.apple.reminders'
    t =    74.10s     Wait for com.apple.reminders to idle
    t =    74.10s Tap Application 'com.apple.reminders'[0.00, 0.00] -> (373.8, 725.0)
    t =    74.10s     Wait for com.apple.reminders to idle
    t =    74.11s     Find the Application 'com.apple.reminders'
    t =    74.14s     Check for interrupting elements affecting "Reminders" Application
    t =    74.18s     Synthesize event
    t =    74.18s         Find the Application 'com.apple.reminders'
    t =    74.21s         Find the Application 'com.apple.reminders'
    t =    74.25s         Find the Application 'com.apple.reminders'
    t =    74.57s     Wait for com.apple.reminders to idle
    t =    74.57s Tap Application 'com.apple.reminders'[0.00, 0.00] -> (373.8, 725.0)
    t =    74.57s     Wait for com.apple.reminders to idle
    t =    74.57s     Find the Application 'com.apple.reminders'
    t =    74.61s     Check for interrupting elements affecting "Reminders" Application
    t =    74.65s     Synthesize event
    t =    74.65s         Find the Application 'com.apple.reminders'
    t =    74.68s         Find the Application 'com.apple.reminders'
    t =    74.72s         Find the Application 'com.apple.reminders'
    t =    75.03s     Wait for com.apple.reminders to idle
    t =    75.04s Tap Application 'com.apple.reminders'[0.00, 0.00] -> (373.8, 725.0)
    t =    75.04s     Wait for com.apple.reminders to idle
    t =    75.04s     Find the Application 'com.apple.reminders'
    t =    75.08s     Check for interrupting elements affecting "Reminders" Application
    t =    75.12s     Synthesize event
    t =    75.12s         Find the Application 'com.apple.reminders'
    t =    75.15s         Find the Application 'com.apple.reminders'
    t =    75.19s         Find the Application 'com.apple.reminders'
    t =    75.52s     Wait for com.apple.reminders to idle
    t =    75.52s Tap Application 'com.apple.reminders'[0.00, 0.00] -> (373.8, 725.0)
    t =    75.52s     Wait for com.apple.reminders to idle
    t =    75.52s     Find the Application 'com.apple.reminders'
    t =    75.57s     Check for interrupting elements affecting "Reminders" Application
    t =    75.62s     Synthesize event
    t =    75.62s         Find the Application 'com.apple.reminders'
    t =    75.66s         Find the Application 'com.apple.reminders'
    t =    75.85s         Find the Application 'com.apple.reminders'
    t =    76.39s     Wait for com.apple.reminders to idle
    t =    76.39s Tap Application 'com.apple.reminders'[0.00, 0.00] -> (373.8, 725.0)
    t =    76.39s     Wait for com.apple.reminders to idle
    t =    76.39s     Find the Application 'com.apple.reminders'
    t =    76.44s     Check for interrupting elements affecting "Reminders" Application
    t =    76.53s     Synthesize event
    t =    76.54s         Find the Application 'com.apple.reminders'
    t =    76.58s         Find the Application 'com.apple.reminders'
    t =    76.62s         Find the Application 'com.apple.reminders'
    t =    76.95s     Wait for com.apple.reminders to idle
    t =    76.96s Tap Application 'com.apple.reminders'[0.00, 0.00] -> (373.8, 725.0)
    t =    76.96s     Wait for com.apple.reminders to idle
    t =    76.96s     Find the Application 'com.apple.reminders'
    t =    77.00s     Check for interrupting elements affecting "Reminders" Application
    t =    77.04s     Synthesize event
    t =    77.04s         Find the Application 'com.apple.reminders'
    t =    77.10s         Find the Application 'com.apple.reminders'
    t =    77.14s         Find the Application 'com.apple.reminders'
    t =    77.46s     Wait for com.apple.reminders to idle
    t =    77.46s Tap Application 'com.apple.reminders'[0.00, 0.00] -> (373.8, 725.0)
    t =    77.46s     Wait for com.apple.reminders to idle
    t =    77.47s     Find the Application 'com.apple.reminders'
    t =    77.51s     Check for interrupting elements affecting "Reminders" Application
    t =    77.56s     Synthesize event
    t =    77.56s         Find the Application 'com.apple.reminders'
    t =    77.59s         Find the Application 'com.apple.reminders'
    t =    77.63s         Find the Application 'com.apple.reminders'
    t =    77.94s     Wait for com.apple.reminders to idle
    t =    77.94s Tap Application 'com.apple.reminders'[0.00, 0.00] -> (373.8, 725.0)
    t =    77.94s     Wait for com.apple.reminders to idle
    t =    77.95s     Find the Application 'com.apple.reminders'
    t =    77.98s     Check for interrupting elements affecting "Reminders" Application
    t =    78.03s     Synthesize event
    t =    78.03s         Find the Application 'com.apple.reminders'
    t =    78.07s         Find the Application 'com.apple.reminders'
    t =    78.10s         Find the Application 'com.apple.reminders'
    t =    78.52s     Wait for com.apple.reminders to idle
    t =    78.52s Tap Application 'com.apple.reminders'[0.00, 0.00] -> (373.8, 725.0)
    t =    78.52s     Wait for com.apple.reminders to idle
    t =    78.53s     Find the Application 'com.apple.reminders'
    t =    78.57s     Check for interrupting elements affecting "Reminders" Application
    t =    78.61s     Synthesize event
    t =    78.61s         Find the Application 'com.apple.reminders'
    t =    78.64s         Find the Application 'com.apple.reminders'
    t =    78.67s         Find the Application 'com.apple.reminders'
    t =    78.99s     Wait for com.apple.reminders to idle
    t =    78.99s Tap Application 'com.apple.reminders'[0.00, 0.00] -> (373.8, 725.0)
    t =    78.99s     Wait for com.apple.reminders to idle
    t =    79.00s     Find the Application 'com.apple.reminders'
    t =    79.03s     Check for interrupting elements affecting "Reminders" Application
    t =    79.08s     Synthesize event
    t =    79.08s         Find the Application 'com.apple.reminders'
    t =    79.11s         Find the Application 'com.apple.reminders'
    t =    79.15s         Find the Application 'com.apple.reminders'
    t =    79.47s     Wait for com.apple.reminders to idle
    t =    79.47s Tap Application 'com.apple.reminders'[0.00, 0.00] -> (373.8, 725.0)
    t =    79.47s     Wait for com.apple.reminders to idle
    t =    79.47s     Find the Application 'com.apple.reminders'
    t =    79.51s     Check for interrupting elements affecting "Reminders" Application
    t =    79.55s     Synthesize event
    t =    79.55s         Find the Application 'com.apple.reminders'
    t =    79.59s         Find the Application 'com.apple.reminders'
    t =    79.62s         Find the Application 'com.apple.reminders'
    t =    79.94s     Wait for com.apple.reminders to idle
    t =    79.94s Tap Application 'com.apple.reminders'[0.00, 0.00] -> (373.8, 725.0)
    t =    79.95s     Wait for com.apple.reminders to idle
    t =    79.95s     Find the Application 'com.apple.reminders'
    t =    79.98s     Check for interrupting elements affecting "Reminders" Application
    t =    80.02s     Synthesize event
    t =    80.02s         Find the Application 'com.apple.reminders'
    t =    80.06s         Find the Application 'com.apple.reminders'
    t =    80.11s         Find the Application 'com.apple.reminders'
    t =    80.42s     Wait for com.apple.reminders to idle
    t =    80.43s Tap Application 'com.apple.reminders'[0.00, 0.00] -> (373.8, 725.0)
    t =    80.43s     Wait for com.apple.reminders to idle
    t =    80.43s     Find the Application 'com.apple.reminders'
    t =    80.49s     Check for interrupting elements affecting "Reminders" Application
    t =    80.54s     Synthesize event
    t =    80.54s         Find the Application 'com.apple.reminders'
    t =    80.57s         Find the Application 'com.apple.reminders'
    t =    80.61s         Find the Application 'com.apple.reminders'
    t =    80.93s     Wait for com.apple.reminders to idle
    t =    80.93s Tap Application 'com.apple.reminders'[0.00, 0.00] -> (373.8, 725.0)
    t =    80.93s     Wait for com.apple.reminders to idle
    t =    80.94s     Find the Application 'com.apple.reminders'
    t =    80.97s     Check for interrupting elements affecting "Reminders" Application
    t =    81.02s     Synthesize event
    t =    81.02s         Find the Application 'com.apple.reminders'
    t =    81.05s         Find the Application 'com.apple.reminders'
    t =    81.09s         Find the Application 'com.apple.reminders'
    t =    81.40s     Wait for com.apple.reminders to idle
    t =    81.41s Tap Application 'com.apple.reminders'[0.00, 0.00] -> (373.8, 725.0)
    t =    81.41s     Wait for com.apple.reminders to idle
    t =    81.41s     Find the Application 'com.apple.reminders'
    t =    81.55s     Check for interrupting elements affecting "Reminders" Application
    t =    81.60s     Synthesize event
    t =    81.60s         Find the Application 'com.apple.reminders'
    t =    81.63s         Find the Application 'com.apple.reminders'
    t =    81.67s         Find the Application 'com.apple.reminders'
    t =    81.99s     Wait for com.apple.reminders to idle
    t =    81.99s Tap Application 'com.apple.reminders'[0.00, 0.00] -> (373.8, 725.0)
    t =    81.99s     Wait for com.apple.reminders to idle
    t =    81.99s     Find the Application 'com.apple.reminders'
    t =    82.03s     Check for interrupting elements affecting "Reminders" Application
    t =    82.07s     Synthesize event
    t =    82.08s         Find the Application 'com.apple.reminders'
    t =    82.11s         Find the Application 'com.apple.reminders'
    t =    82.15s         Find the Application 'com.apple.reminders'
    t =    82.47s     Wait for com.apple.reminders to idle
    t =    82.47s Tap Application 'com.apple.reminders'[0.00, 0.00] -> (373.8, 725.0)
    t =    82.47s     Wait for com.apple.reminders to idle
    t =    82.47s     Find the Application 'com.apple.reminders'
    t =    82.52s     Check for interrupting elements affecting "Reminders" Application
    t =    82.57s     Synthesize event
    t =    82.58s         Find the Application 'com.apple.reminders'
    t =    82.61s         Find the Application 'com.apple.reminders'
    t =    82.66s         Find the Application 'com.apple.reminders'
    t =    82.99s     Wait for com.apple.reminders to idle
    t =    82.99s Tap Application 'com.apple.reminders'[0.00, 0.00] -> (373.8, 725.0)
    t =    82.99s     Wait for com.apple.reminders to idle
    t =    82.99s     Find the Application 'com.apple.reminders'
    t =    83.03s     Check for interrupting elements affecting "Reminders" Application
    t =    83.07s     Synthesize event
    t =    83.07s         Find the Application 'com.apple.reminders'
    t =    83.11s         Find the Application 'com.apple.reminders'
    t =    83.14s         Find the Application 'com.apple.reminders'
    t =    83.46s     Wait for com.apple.reminders to idle
    t =    83.47s Tap Application 'com.apple.reminders'[0.00, 0.00] -> (373.8, 725.0)
    t =    83.47s     Wait for com.apple.reminders to idle
    t =    83.47s     Find the Application 'com.apple.reminders'
    t =    83.51s     Check for interrupting elements affecting "Reminders" Application
    t =    83.55s     Synthesize event
    t =    83.55s         Find the Application 'com.apple.reminders'
    t =    83.58s         Find the Application 'com.apple.reminders'
    t =    83.62s         Find the Application 'com.apple.reminders'
    t =    83.93s     Wait for com.apple.reminders to idle
    t =    83.94s Checking existence of `"space" Key`
    t =    84.00s Find the "space" Key
    t =    84.06s Checking existence of `"Paste" Button`
    t =    84.10s Checking existence of `"ק" Key`
    t =    84.15s Checking existence of `"q" Key`
    t =    84.19s Checking existence of `"Q" Key`
    t =    84.24s Get all elements bound by index for: Descendants matching type Key
    t =    84.28s Find the Key (Element at index 0)
    t =    84.32s Find the Key (Element at index 1)
    t =    84.36s Find the Key (Element at index 2)
    t =    84.40s Find the Key (Element at index 3)
    t =    84.45s Find the Key (Element at index 4)
    t =    84.49s Find the Key (Element at index 5)
    t =    84.52s Find the Key (Element at index 6)
    t =    84.57s Find the "Q" Key
    t =    84.61s Find the "Q" Key
    t =    84.65s Find the "Q" Key
    t =    84.70s Find the "Q" Key
    t =    84.75s Find the Key (Element at index 7)
    t =    84.81s Find the "W" Key
    t =    84.86s Find the "W" Key
    t =    84.91s Find the "W" Key
    t =    84.96s Find the "W" Key
    t =    85.00s Find the Key (Element at index 8)
    t =    85.05s Find the "E" Key
    t =    85.09s Find the "E" Key
    t =    85.13s Find the "E" Key
    t =    85.17s Find the "E" Key
    t =    85.21s Find the Key (Element at index 9)
    t =    85.25s Find the "R" Key
    t =    85.29s Find the "R" Key
    t =    85.33s Find the "R" Key
    t =    85.37s Find the "R" Key
    t =    85.42s Find the Key (Element at index 10)
    t =    85.47s Find the "T" Key
    t =    85.51s Find the "T" Key
    t =    85.55s Find the "T" Key
    t =    85.59s Find the "T" Key
    t =    85.63s Find the Key (Element at index 11)
    t =    85.68s Find the "Y" Key
    t =    85.72s Find the "Y" Key
    t =    85.76s Find the "Y" Key
    t =    85.81s Find the "Y" Key
    t =    85.85s Find the Key (Element at index 12)
    t =    85.90s Find the "U" Key
    t =    85.94s Find the "U" Key
    t =    85.98s Find the "U" Key
    t =    86.02s Find the "U" Key
    t =    86.06s Find the Key (Element at index 13)
    t =    86.11s Find the "I" Key
    t =    86.15s Find the "I" Key
    t =    86.18s Find the "I" Key
    t =    86.23s Find the "I" Key
    t =    86.27s Find the Key (Element at index 14)
    t =    86.31s Find the "O" Key
    t =    86.46s Find the "O" Key
    t =    86.50s Find the "O" Key
    t =    86.54s Find the "O" Key
    t =    86.58s Find the Key (Element at index 15)
    t =    86.62s Find the "P" Key
    t =    86.66s Find the "P" Key
    t =    86.71s Find the "P" Key
    t =    86.76s Find the "P" Key
    t =    86.81s Find the Key (Element at index 16)
    t =    86.86s Find the "A" Key
    t =    86.90s Find the "A" Key
    t =    86.95s Find the "A" Key
    t =    87.03s Find the "A" Key
    t =    87.08s Find the Key (Element at index 17)
    t =    87.14s Find the "S" Key
    t =    87.18s Find the "S" Key
    t =    87.23s Find the "S" Key
    t =    87.29s Find the "S" Key
2026-08-08 00:31:53.292328+0300 AIKeyboardUITests-Runner[95474:8575609] [Default] Running tests...
    t =      nans Interface orientation changed to Portrait

Restarting after unexpected exit, crash, or test timeout; summary will include totals from previous launches.

Test Suite 'Selected tests' started at 2026-08-08 00:31:54.746.
Test Suite 'AIKeyboardUITests.xctest' started at 2026-08-08 00:31:54.746.
Test Suite 'AIKeyboardUITests.xctest' passed at 2026-08-08 00:31:54.747.
	 Executed 0 tests, with 0 failures (0 unexpected) in 0.000 (0.000) seconds
Test Suite 'Selected tests' passed at 2026-08-08 00:31:54.747.
	 Executed 0 tests, with 0 failures (0 unexpected) in 0.000 (0.001) seconds
** BUILD INTERRUPTED **
